// Jest Snapshot v1, https://goo.gl/fbAQLP

exports[`renders the address display component 1`] = `ShallowWrapper {}`;
