// Jest Snapshot v1, https://goo.gl/fbAQLP

exports[`tests snapshot, event handdling, and submission logic renders the component 1`] = `ShallowWrapper {}`;
