// Jest Snapshot v1, https://goo.gl/fbAQLP

exports[`expect to render name correctly 1`] = `ShallowWrapper {}`;
